---
source: procmond/tests/cli.rs
expression: stdout
---
SentinelD Process Monitoring Daemon

Usage: procmond [OPTIONS]

Options:
  -d, --database <DATABASE>    Database path [default: /var/lib/sentineld/processes.db]
  -l, --log-level <LOG_LEVEL>  Log level [default: info]
  -s, --socket <SOCKET>        IPC socket path [default: /tmp/sentineld-procmond.sock]
  -h, --help                   Print help
  -V, --version                Print version
